[[0;34m----[0m] [0;1mfailmessages.c[0m:[0;31m4[0m: Assertion failed: The expression 0 is false.
[[0;34m----[0m] [0;1mfailmessages.c[0m:[0;31m5[0m: Assertion failed: The expression (0) == (1) is false.
[[0;34m----[0m] [0;1mfailmessages.c[0m:[0;31m6[0m: Assertion failed: The expression (1) != (1) is false.
[[0;34m----[0m] [0;1mfailmessages.c[0m:[0;31m7[0m: Assertion failed: The expression (2) < (1) is false.
[[0;34m----[0m] [0;1mfailmessages.c[0m:[0;31m8[0m: Assertion failed: The expression (2) <= (1) is false.
[[0;34m----[0m] [0;1mfailmessages.c[0m:[0;31m9[0m: Assertion failed: The expression (1) > (2) is false.
[[0;34m----[0m] [0;1mfailmessages.c[0m:[0;31m10[0m: Assertion failed: The expression (1) >= (2) is false.
[[0;34m----[0m] [0;1mfailmessages.c[0m:[0;31m11[0m: Assertion failed: "" is not null.
[[0;34m----[0m] [0;1mfailmessages.c[0m:[0;31m12[0m: Assertion failed: ((void *)0) is null.
[[0;34m----[0m] [0;1mfailmessages.c[0m:[0;31m14[0m: Assertion failed: The expression (2) - (1) <= (0.1) && (1) - (2) <= (0.1) is false.
[[0;34m----[0m] [0;1mfailmessages.c[0m:[0;31m15[0m: Assertion failed: The expression (2) - (2) > (0.1) || (2) - (2) > (0.1) is false.
[[0;34m----[0m] [0;1mfailmessages.c[0m:[0;31m17[0m: Assertion failed: "foo" is not empty.
[[0;34m----[0m] [0;1mfailmessages.c[0m:[0;31m18[0m: Assertion failed: "" is empty.
[[0;34m----[0m] [0;1mfailmessages.c[0m:[0;31m19[0m: Assertion failed: The expression (as strings) ("abc") == ("abd") is false.
[[0;34m----[0m] [0;1mfailmessages.c[0m:[0;31m20[0m: Assertion failed: The expression (as strings) ("abc") != ("abc") is false.
[[0;34m----[0m] [0;1mfailmessages.c[0m:[0;31m21[0m: Assertion failed: The expression (as strings) ("abc") < ("aba") is false.
[[0;34m----[0m] [0;1mfailmessages.c[0m:[0;31m22[0m: Assertion failed: The expression (as strings) ("abc") <= ("aba") is false.
[[0;34m----[0m] [0;1mfailmessages.c[0m:[0;31m23[0m: Assertion failed: The expression (as strings) ("abc") > ("abd") is false.
[[0;34m----[0m] [0;1mfailmessages.c[0m:[0;31m24[0m: Assertion failed: The expression (as strings) ("abc") >= ("abd") is false.
[[0;31mFAIL[0m] messages::default: (0.00s)
[[0;34m----[0m] [0;1mfailmessages.c[0m:[0;31m28[0m: Assertion failed: foo bar
[[0;34m----[0m] [0;1mfailmessages.c[0m:[0;31m29[0m: Assertion failed: foo bar
[[0;34m----[0m] [0;1mfailmessages.c[0m:[0;31m30[0m: Assertion failed: foo bar
[[0;34m----[0m] [0;1mfailmessages.c[0m:[0;31m31[0m: Assertion failed: foo bar
[[0;34m----[0m] [0;1mfailmessages.c[0m:[0;31m32[0m: Assertion failed: foo bar
[[0;34m----[0m] [0;1mfailmessages.c[0m:[0;31m33[0m: Assertion failed: foo bar
[[0;34m----[0m] [0;1mfailmessages.c[0m:[0;31m34[0m: Assertion failed: foo bar
[[0;34m----[0m] [0;1mfailmessages.c[0m:[0;31m35[0m: Assertion failed: foo bar
[[0;34m----[0m] [0;1mfailmessages.c[0m:[0;31m36[0m: Assertion failed: foo bar
[[0;34m----[0m] [0;1mfailmessages.c[0m:[0;31m38[0m: Assertion failed: foo bar
[[0;34m----[0m] [0;1mfailmessages.c[0m:[0;31m39[0m: Assertion failed: foo bar
[[0;34m----[0m] [0;1mfailmessages.c[0m:[0;31m41[0m: Assertion failed: foo bar
[[0;34m----[0m] [0;1mfailmessages.c[0m:[0;31m42[0m: Assertion failed: foo bar
[[0;34m----[0m] [0;1mfailmessages.c[0m:[0;31m43[0m: Assertion failed: foo bar
[[0;34m----[0m] [0;1mfailmessages.c[0m:[0;31m44[0m: Assertion failed: foo bar
[[0;34m----[0m] [0;1mfailmessages.c[0m:[0;31m45[0m: Assertion failed: foo bar
[[0;34m----[0m] [0;1mfailmessages.c[0m:[0;31m46[0m: Assertion failed: foo bar
[[0;34m----[0m] [0;1mfailmessages.c[0m:[0;31m47[0m: Assertion failed: foo bar
[[0;34m----[0m] [0;1mfailmessages.c[0m:[0;31m48[0m: Assertion failed: foo bar
[[0;31mFAIL[0m] messages::user: (0.00s)
[[0;34m====[0m] [0;1mSynthesis: Tested: [0;34m2[0;1m | Passing: [0;32m0[0;1m | Failing: [0;31m2[0;1m | Crashing: [0;31m0[0;1m [0m
